src/java/lang/AbstractMethodError.java
src/java/lang/ArithmeticException.java
src/java/lang/ArrayIndexOutOfBoundsException.java
src/java/lang/ArrayStoreException.java
src/java/lang/Boolean.java
src/java/lang/Byte.java
src/java/lang/Character.java
src/java/lang/Class.java
src/java/lang/ClassCastException.java
src/java/lang/ClassCircularityError.java
src/java/lang/ClassFormatError.java
src/java/lang/ClassLoader.java
src/java/lang/ClassNotFoundException.java
src/java/lang/CloneNotSupportedException.java
src/java/lang/Cloneable.java
src/java/lang/Comparable.java
src/java/lang/Compiler.java
src/java/lang/Double.java
src/java/lang/Error.java
src/java/lang/Exception.java
src/java/lang/ExceptionInInitializerError.java
src/java/lang/Float.java
src/java/lang/FloatingDecimal.java
src/java/lang/IllegalAccessError.java
src/java/lang/IllegalAccessException.java
src/java/lang/IllegalArgumentException.java
src/java/lang/IllegalMonitorStateException.java
src/java/lang/IllegalStateException.java
src/java/lang/IllegalThreadStateException.java
src/java/lang/IncompatibleClassChangeError.java
src/java/lang/IndexOutOfBoundsException.java
src/java/lang/InheritableThreadLocal.java
src/java/lang/InstantiationError.java
src/java/lang/InstantiationException.java
src/java/lang/Integer.java
src/java/lang/InternalError.java
src/java/lang/InterruptedException.java
src/java/lang/LinkageError.java
src/java/lang/Long.java
src/java/lang/Math.java
src/java/lang/NegativeArraySizeException.java
src/java/lang/NoClassDefFoundError.java
src/java/lang/NoSuchFieldError.java
src/java/lang/NoSuchFieldException.java
src/java/lang/NoSuchMethodError.java
src/java/lang/NoSuchMethodException.java
src/java/lang/NullPointerException.java
src/java/lang/Number.java
src/java/lang/NumberFormatException.java

src/java/lang/OutOfMemoryError.java
src/java/lang/Package.java
src/java/lang/Process.java
src/java/lang/Runnable.java
src/java/lang/Runtime.java
src/java/lang/RuntimeException.java
src/java/lang/RuntimePermission.java
src/java/lang/SecurityException.java
src/java/lang/SecurityManager.java
src/java/lang/Short.java
src/java/lang/Shutdown.java
src/java/lang/StackOverflowError.java
src/java/lang/StrictMath.java

src/java/lang/StringBuffer.java
src/java/lang/StringIndexOutOfBoundsException.java
src/java/lang/System.java
src/java/lang/Thread.java
src/java/lang/ThreadDeath.java
src/java/lang/ThreadGroup.java
src/java/lang/ThreadLocal.java
src/java/lang/Throwable.java
src/java/lang/UnknownError.java
src/java/lang/UnsatisfiedLinkError.java
src/java/lang/UnsupportedClassVersionError.java
src/java/lang/UnsupportedOperationException.java
src/java/lang/VerifyError.java
src/java/lang/VirtualMachineError.java
src/java/lang/Void.java
