c:\home\ws\main\os-aj-hanneman-2004\src\ca\ubc\cs\spl\aspectPatterns\examples\abstractFactory\aspectj\AbstractFactory.java
c:\home\ws\main\os-aj-hanneman-2004\src\ca\ubc\cs\spl\aspectPatterns\examples\abstractFactory\aspectj\AbstractFactoryEnhancement.java
c:\home\ws\main\os-aj-hanneman-2004\src\ca\ubc\cs\spl\aspectPatterns\examples\abstractFactory\aspectj\Display.java
c:\home\ws\main\os-aj-hanneman-2004\src\ca\ubc\cs\spl\aspectPatterns\examples\abstractFactory\aspectj\FramedFactory.java
c:\home\ws\main\os-aj-hanneman-2004\src\ca\ubc\cs\spl\aspectPatterns\examples\abstractFactory\aspectj\Main.java
c:\home\ws\main\os-aj-hanneman-2004\src\ca\ubc\cs\spl\aspectPatterns\examples\abstractFactory\aspectj\RegularFactory.java
c:\home\ws\main\os-aj-hanneman-2004\src\ca\ubc\cs\spl\aspectPatterns\examples\abstractFactory\java\AbstractFactory.java
c:\home\ws\main\os-aj-hanneman-2004\src\ca\ubc\cs\spl\aspectPatterns\examples\abstractFactory\java\Display.java
c:\home\ws\main\os-aj-hanneman-2004\src\ca\ubc\cs\spl\aspectPatterns\examples\abstractFactory\java\FramedFactory.java
c:\home\ws\main\os-aj-hanneman-2004\src\ca\ubc\cs\spl\aspectPatterns\examples\abstractFactory\java\Main.java
c:\home\ws\main\os-aj-hanneman-2004\src\ca\ubc\cs\spl\aspectPatterns\examples\abstractFactory\java\RegularFactory.java
c:\home\ws\main\os-aj-hanneman-2004\src\ca\ubc\cs\spl\aspectPatterns\examples\adapter\aspectj\Main.java
c:\home\ws\main\os-aj-hanneman-2004\src\ca\ubc\cs\spl\aspectPatterns\examples\adapter\aspectj\PrinterAdapter.java
c:\home\ws\main\os-aj-hanneman-2004\src\ca\ubc\cs\spl\aspectPatterns\examples\adapter\aspectj\SystemOutPrinter.java
c:\home\ws\main\os-aj-hanneman-2004\src\ca\ubc\cs\spl\aspectPatterns\examples\adapter\aspectj\Writer.java
c:\home\ws\main\os-aj-hanneman-2004\src\ca\ubc\cs\spl\aspectPatterns\examples\adapter\java\Main.java
c:\home\ws\main\os-aj-hanneman-2004\src\ca\ubc\cs\spl\aspectPatterns\examples\adapter\java\PrinterAdapter.java
c:\home\ws\main\os-aj-hanneman-2004\src\ca\ubc\cs\spl\aspectPatterns\examples\adapter\java\SystemOutPrinter.java
c:\home\ws\main\os-aj-hanneman-2004\src\ca\ubc\cs\spl\aspectPatterns\examples\adapter\java\Writer.java
c:\home\ws\main\os-aj-hanneman-2004\src\ca\ubc\cs\spl\aspectPatterns\examples\bridge\aspectj\AbstractionImplementation.java
c:\home\ws\main\os-aj-hanneman-2004\src\ca\ubc\cs\spl\aspectPatterns\examples\bridge\aspectj\CrossCapitalImplementation.java
c:\home\ws\main\os-aj-hanneman-2004\src\ca\ubc\cs\spl\aspectPatterns\examples\bridge\aspectj\GreetingScreen.java
c:\home\ws\main\os-aj-hanneman-2004\src\ca\ubc\cs\spl\aspectPatterns\examples\bridge\aspectj\InformationScreen.java
c:\home\ws\main\os-aj-hanneman-2004\src\ca\ubc\cs\spl\aspectPatterns\examples\bridge\aspectj\Main.java
c:\home\ws\main\os-aj-hanneman-2004\src\ca\ubc\cs\spl\aspectPatterns\examples\bridge\aspectj\Screen.java
c:\home\ws\main\os-aj-hanneman-2004\src\ca\ubc\cs\spl\aspectPatterns\examples\bridge\aspectj\ScreenImplementation.java
c:\home\ws\main\os-aj-hanneman-2004\src\ca\ubc\cs\spl\aspectPatterns\examples\bridge\aspectj\StarImplementation.java
c:\home\ws\main\os-aj-hanneman-2004\src\ca\ubc\cs\spl\aspectPatterns\examples\bridge\java\CrossCapitalImplementation.java
c:\home\ws\main\os-aj-hanneman-2004\src\ca\ubc\cs\spl\aspectPatterns\examples\bridge\java\GreetingScreen.java
c:\home\ws\main\os-aj-hanneman-2004\src\ca\ubc\cs\spl\aspectPatterns\examples\bridge\java\InformationScreen.java
c:\home\ws\main\os-aj-hanneman-2004\src\ca\ubc\cs\spl\aspectPatterns\examples\bridge\java\Main.java
c:\home\ws\main\os-aj-hanneman-2004\src\ca\ubc\cs\spl\aspectPatterns\examples\bridge\java\Screen.java
c:\home\ws\main\os-aj-hanneman-2004\src\ca\ubc\cs\spl\aspectPatterns\examples\bridge\java\ScreenImplementation.java
c:\home\ws\main\os-aj-hanneman-2004\src\ca\ubc\cs\spl\aspectPatterns\examples\bridge\java\StarImplementation.java
c:\home\ws\main\os-aj-hanneman-2004\src\ca\ubc\cs\spl\aspectPatterns\examples\builder\aspectj\Creator.java
c:\home\ws\main\os-aj-hanneman-2004\src\ca\ubc\cs\spl\aspectPatterns\examples\builder\aspectj\CreatorImplementation.java
c:\home\ws\main\os-aj-hanneman-2004\src\ca\ubc\cs\spl\aspectPatterns\examples\builder\aspectj\Main.java
c:\home\ws\main\os-aj-hanneman-2004\src\ca\ubc\cs\spl\aspectPatterns\examples\builder\aspectj\TextCreator.java
c:\home\ws\main\os-aj-hanneman-2004\src\ca\ubc\cs\spl\aspectPatterns\examples\builder\aspectj\XMLCreator.java
c:\home\ws\main\os-aj-hanneman-2004\src\ca\ubc\cs\spl\aspectPatterns\examples\builder\java\Creator.java
c:\home\ws\main\os-aj-hanneman-2004\src\ca\ubc\cs\spl\aspectPatterns\examples\builder\java\Main.java
c:\home\ws\main\os-aj-hanneman-2004\src\ca\ubc\cs\spl\aspectPatterns\examples\builder\java\TextCreator.java
c:\home\ws\main\os-aj-hanneman-2004\src\ca\ubc\cs\spl\aspectPatterns\examples\builder\java\XMLCreator.java
c:\home\ws\main\os-aj-hanneman-2004\src\ca\ubc\cs\spl\aspectPatterns\examples\chainOfResponsibility\aspectj\Button.java
c:\home\ws\main\os-aj-hanneman-2004\src\ca\ubc\cs\spl\aspectPatterns\examples\chainOfResponsibility\aspectj\Click.java
c:\home\ws\main\os-aj-hanneman-2004\src\ca\ubc\cs\spl\aspectPatterns\examples\chainOfResponsibility\aspectj\ClickChain.java
c:\home\ws\main\os-aj-hanneman-2004\src\ca\ubc\cs\spl\aspectPatterns\examples\chainOfResponsibility\aspectj\Frame.java
c:\home\ws\main\os-aj-hanneman-2004\src\ca\ubc\cs\spl\aspectPatterns\examples\chainOfResponsibility\aspectj\Main.java
c:\home\ws\main\os-aj-hanneman-2004\src\ca\ubc\cs\spl\aspectPatterns\examples\chainOfResponsibility\aspectj\Panel.java
c:\home\ws\main\os-aj-hanneman-2004\src\ca\ubc\cs\spl\aspectPatterns\examples\chainOfResponsibility\java\Button.java
c:\home\ws\main\os-aj-hanneman-2004\src\ca\ubc\cs\spl\aspectPatterns\examples\chainOfResponsibility\java\Click.java
c:\home\ws\main\os-aj-hanneman-2004\src\ca\ubc\cs\spl\aspectPatterns\examples\chainOfResponsibility\java\ClickHandler.java
c:\home\ws\main\os-aj-hanneman-2004\src\ca\ubc\cs\spl\aspectPatterns\examples\chainOfResponsibility\java\Frame.java
c:\home\ws\main\os-aj-hanneman-2004\src\ca\ubc\cs\spl\aspectPatterns\examples\chainOfResponsibility\java\Main.java
c:\home\ws\main\os-aj-hanneman-2004\src\ca\ubc\cs\spl\aspectPatterns\examples\chainOfResponsibility\java\Panel.java
c:\home\ws\main\os-aj-hanneman-2004\src\ca\ubc\cs\spl\aspectPatterns\examples\command\aspectj\Button.java
c:\home\ws\main\os-aj-hanneman-2004\src\ca\ubc\cs\spl\aspectPatterns\examples\command\aspectj\ButtonCommand.java
c:\home\ws\main\os-aj-hanneman-2004\src\ca\ubc\cs\spl\aspectPatterns\examples\command\aspectj\ButtonCommand2.java
c:\home\ws\main\os-aj-hanneman-2004\src\ca\ubc\cs\spl\aspectPatterns\examples\command\aspectj\ButtonCommanding.java
c:\home\ws\main\os-aj-hanneman-2004\src\ca\ubc\cs\spl\aspectPatterns\examples\command\aspectj\Main.java
c:\home\ws\main\os-aj-hanneman-2004\src\ca\ubc\cs\spl\aspectPatterns\examples\command\aspectj\Printer.java
c:\home\ws\main\os-aj-hanneman-2004\src\ca\ubc\cs\spl\aspectPatterns\examples\command\java\Button.java
c:\home\ws\main\os-aj-hanneman-2004\src\ca\ubc\cs\spl\aspectPatterns\examples\command\java\ButtonCommand.java
c:\home\ws\main\os-aj-hanneman-2004\src\ca\ubc\cs\spl\aspectPatterns\examples\command\java\ButtonCommand2.java
c:\home\ws\main\os-aj-hanneman-2004\src\ca\ubc\cs\spl\aspectPatterns\examples\command\java\Command.java
c:\home\ws\main\os-aj-hanneman-2004\src\ca\ubc\cs\spl\aspectPatterns\examples\command\java\Main.java
c:\home\ws\main\os-aj-hanneman-2004\src\ca\ubc\cs\spl\aspectPatterns\examples\composite\aspectj\Directory.java
c:\home\ws\main\os-aj-hanneman-2004\src\ca\ubc\cs\spl\aspectPatterns\examples\composite\aspectj\File.java
c:\home\ws\main\os-aj-hanneman-2004\src\ca\ubc\cs\spl\aspectPatterns\examples\composite\aspectj\FileSystemComposition.java
c:\home\ws\main\os-aj-hanneman-2004\src\ca\ubc\cs\spl\aspectPatterns\examples\composite\aspectj\Main.java
c:\home\ws\main\os-aj-hanneman-2004\src\ca\ubc\cs\spl\aspectPatterns\examples\composite\java\Directory.java
c:\home\ws\main\os-aj-hanneman-2004\src\ca\ubc\cs\spl\aspectPatterns\examples\composite\java\File.java
c:\home\ws\main\os-aj-hanneman-2004\src\ca\ubc\cs\spl\aspectPatterns\examples\composite\java\FileSystemComponent.java
c:\home\ws\main\os-aj-hanneman-2004\src\ca\ubc\cs\spl\aspectPatterns\examples\composite\java\Main.java
c:\home\ws\main\os-aj-hanneman-2004\src\ca\ubc\cs\spl\aspectPatterns\examples\decorator\aspectj\BracketDecorator.java
c:\home\ws\main\os-aj-hanneman-2004\src\ca\ubc\cs\spl\aspectPatterns\examples\decorator\aspectj\ConcreteOutput.java
c:\home\ws\main\os-aj-hanneman-2004\src\ca\ubc\cs\spl\aspectPatterns\examples\decorator\aspectj\Main.java
c:\home\ws\main\os-aj-hanneman-2004\src\ca\ubc\cs\spl\aspectPatterns\examples\decorator\aspectj\StarDecorator.java
c:\home\ws\main\os-aj-hanneman-2004\src\ca\ubc\cs\spl\aspectPatterns\examples\decorator\java\BracketDecorator.java
c:\home\ws\main\os-aj-hanneman-2004\src\ca\ubc\cs\spl\aspectPatterns\examples\decorator\java\ConcreteOutput.java
c:\home\ws\main\os-aj-hanneman-2004\src\ca\ubc\cs\spl\aspectPatterns\examples\decorator\java\Main.java
c:\home\ws\main\os-aj-hanneman-2004\src\ca\ubc\cs\spl\aspectPatterns\examples\decorator\java\Output.java
c:\home\ws\main\os-aj-hanneman-2004\src\ca\ubc\cs\spl\aspectPatterns\examples\decorator\java\OutputDecorator.java
c:\home\ws\main\os-aj-hanneman-2004\src\ca\ubc\cs\spl\aspectPatterns\examples\decorator\java\StarDecorator.java
c:\home\ws\main\os-aj-hanneman-2004\src\ca\ubc\cs\spl\aspectPatterns\examples\facade\aspectj\Main.java
c:\home\ws\main\os-aj-hanneman-2004\src\ca\ubc\cs\spl\aspectPatterns\examples\facade\java\Decoration.java
c:\home\ws\main\os-aj-hanneman-2004\src\ca\ubc\cs\spl\aspectPatterns\examples\facade\java\Main.java
c:\home\ws\main\os-aj-hanneman-2004\src\ca\ubc\cs\spl\aspectPatterns\examples\facade\java\OutputFacade.java
c:\home\ws\main\os-aj-hanneman-2004\src\ca\ubc\cs\spl\aspectPatterns\examples\facade\java\RegularScreen.java
c:\home\ws\main\os-aj-hanneman-2004\src\ca\ubc\cs\spl\aspectPatterns\examples\facade\java\StringTransformer.java
c:\home\ws\main\os-aj-hanneman-2004\src\ca\ubc\cs\spl\aspectPatterns\examples\factoryMethod\aspectj\ButtonCreator.java
c:\home\ws\main\os-aj-hanneman-2004\src\ca\ubc\cs\spl\aspectPatterns\examples\factoryMethod\aspectj\CreatorImplementation.java
c:\home\ws\main\os-aj-hanneman-2004\src\ca\ubc\cs\spl\aspectPatterns\examples\factoryMethod\aspectj\GUIComponentCreator.java
c:\home\ws\main\os-aj-hanneman-2004\src\ca\ubc\cs\spl\aspectPatterns\examples\factoryMethod\aspectj\LabelCreator.java
c:\home\ws\main\os-aj-hanneman-2004\src\ca\ubc\cs\spl\aspectPatterns\examples\factoryMethod\aspectj\Main.java
c:\home\ws\main\os-aj-hanneman-2004\src\ca\ubc\cs\spl\aspectPatterns\examples\factoryMethod\java\ButtonCreator.java
c:\home\ws\main\os-aj-hanneman-2004\src\ca\ubc\cs\spl\aspectPatterns\examples\factoryMethod\java\GUIComponentCreator.java
c:\home\ws\main\os-aj-hanneman-2004\src\ca\ubc\cs\spl\aspectPatterns\examples\factoryMethod\java\LabelCreator.java
c:\home\ws\main\os-aj-hanneman-2004\src\ca\ubc\cs\spl\aspectPatterns\examples\factoryMethod\java\Main.java
c:\home\ws\main\os-aj-hanneman-2004\src\ca\ubc\cs\spl\aspectPatterns\examples\flyweight\aspect\CharacterFlyweight.java
c:\home\ws\main\os-aj-hanneman-2004\src\ca\ubc\cs\spl\aspectPatterns\examples\flyweight\aspect\FlyweightImplementation.java
c:\home\ws\main\os-aj-hanneman-2004\src\ca\ubc\cs\spl\aspectPatterns\examples\flyweight\aspect\Main.java
c:\home\ws\main\os-aj-hanneman-2004\src\ca\ubc\cs\spl\aspectPatterns\examples\flyweight\aspect\PrintableFlyweight.java
c:\home\ws\main\os-aj-hanneman-2004\src\ca\ubc\cs\spl\aspectPatterns\examples\flyweight\aspect\WhitespaceFlyweight.java
c:\home\ws\main\os-aj-hanneman-2004\src\ca\ubc\cs\spl\aspectPatterns\examples\flyweight\java\CharacterFlyweight.java
c:\home\ws\main\os-aj-hanneman-2004\src\ca\ubc\cs\spl\aspectPatterns\examples\flyweight\java\Main.java
c:\home\ws\main\os-aj-hanneman-2004\src\ca\ubc\cs\spl\aspectPatterns\examples\flyweight\java\PrintableFlyweight.java
c:\home\ws\main\os-aj-hanneman-2004\src\ca\ubc\cs\spl\aspectPatterns\examples\flyweight\java\PrintableFlyweightFactory.java
c:\home\ws\main\os-aj-hanneman-2004\src\ca\ubc\cs\spl\aspectPatterns\examples\flyweight\java\WhitespaceFlyweight.java
c:\home\ws\main\os-aj-hanneman-2004\src\ca\ubc\cs\spl\aspectPatterns\examples\interpreter\aspectj\AndExpression.java
c:\home\ws\main\os-aj-hanneman-2004\src\ca\ubc\cs\spl\aspectPatterns\examples\interpreter\aspectj\BooleanConstant.java
c:\home\ws\main\os-aj-hanneman-2004\src\ca\ubc\cs\spl\aspectPatterns\examples\interpreter\aspectj\BooleanExpression.java
c:\home\ws\main\os-aj-hanneman-2004\src\ca\ubc\cs\spl\aspectPatterns\examples\interpreter\aspectj\BooleanInterpretation.java
c:\home\ws\main\os-aj-hanneman-2004\src\ca\ubc\cs\spl\aspectPatterns\examples\interpreter\aspectj\ExpressionException.java
c:\home\ws\main\os-aj-hanneman-2004\src\ca\ubc\cs\spl\aspectPatterns\examples\interpreter\aspectj\Main.java
c:\home\ws\main\os-aj-hanneman-2004\src\ca\ubc\cs\spl\aspectPatterns\examples\interpreter\aspectj\NotExpression.java
c:\home\ws\main\os-aj-hanneman-2004\src\ca\ubc\cs\spl\aspectPatterns\examples\interpreter\aspectj\OrExpression.java
c:\home\ws\main\os-aj-hanneman-2004\src\ca\ubc\cs\spl\aspectPatterns\examples\interpreter\aspectj\VariableContext.java
c:\home\ws\main\os-aj-hanneman-2004\src\ca\ubc\cs\spl\aspectPatterns\examples\interpreter\aspectj\VariableExpression.java
c:\home\ws\main\os-aj-hanneman-2004\src\ca\ubc\cs\spl\aspectPatterns\examples\interpreter\java\AndExpression.java
c:\home\ws\main\os-aj-hanneman-2004\src\ca\ubc\cs\spl\aspectPatterns\examples\interpreter\java\BooleanConstant.java
c:\home\ws\main\os-aj-hanneman-2004\src\ca\ubc\cs\spl\aspectPatterns\examples\interpreter\java\BooleanExpression.java
c:\home\ws\main\os-aj-hanneman-2004\src\ca\ubc\cs\spl\aspectPatterns\examples\interpreter\java\ExpressionException.java
c:\home\ws\main\os-aj-hanneman-2004\src\ca\ubc\cs\spl\aspectPatterns\examples\interpreter\java\Main.java
c:\home\ws\main\os-aj-hanneman-2004\src\ca\ubc\cs\spl\aspectPatterns\examples\interpreter\java\NotExpression.java
c:\home\ws\main\os-aj-hanneman-2004\src\ca\ubc\cs\spl\aspectPatterns\examples\interpreter\java\OrExpression.java
c:\home\ws\main\os-aj-hanneman-2004\src\ca\ubc\cs\spl\aspectPatterns\examples\interpreter\java\VariableContext.java
c:\home\ws\main\os-aj-hanneman-2004\src\ca\ubc\cs\spl\aspectPatterns\examples\interpreter\java\VariableExpression.java
c:\home\ws\main\os-aj-hanneman-2004\src\ca\ubc\cs\spl\aspectPatterns\examples\iterator\aspectj\Main.java
c:\home\ws\main\os-aj-hanneman-2004\src\ca\ubc\cs\spl\aspectPatterns\examples\iterator\aspectj\OpenList.java
c:\home\ws\main\os-aj-hanneman-2004\src\ca\ubc\cs\spl\aspectPatterns\examples\iterator\aspectj\OpenListIteration.java
c:\home\ws\main\os-aj-hanneman-2004\src\ca\ubc\cs\spl\aspectPatterns\examples\iterator\aspectj\SimpleList.java
c:\home\ws\main\os-aj-hanneman-2004\src\ca\ubc\cs\spl\aspectPatterns\examples\iterator\java\Main.java
c:\home\ws\main\os-aj-hanneman-2004\src\ca\ubc\cs\spl\aspectPatterns\examples\iterator\java\OpenList.java
c:\home\ws\main\os-aj-hanneman-2004\src\ca\ubc\cs\spl\aspectPatterns\examples\iterator\java\ReverseIterator.java
c:\home\ws\main\os-aj-hanneman-2004\src\ca\ubc\cs\spl\aspectPatterns\examples\iterator\java\SimpleList.java
c:\home\ws\main\os-aj-hanneman-2004\src\ca\ubc\cs\spl\aspectPatterns\examples\mediator\aspectj\Button.java
c:\home\ws\main\os-aj-hanneman-2004\src\ca\ubc\cs\spl\aspectPatterns\examples\mediator\aspectj\Label.java
c:\home\ws\main\os-aj-hanneman-2004\src\ca\ubc\cs\spl\aspectPatterns\examples\mediator\aspectj\Main.java
c:\home\ws\main\os-aj-hanneman-2004\src\ca\ubc\cs\spl\aspectPatterns\examples\mediator\aspectj\MediatorImplementation.java
c:\home\ws\main\os-aj-hanneman-2004\src\ca\ubc\cs\spl\aspectPatterns\examples\mediator\java\Button.java
c:\home\ws\main\os-aj-hanneman-2004\src\ca\ubc\cs\spl\aspectPatterns\examples\mediator\java\GUIColleague.java
c:\home\ws\main\os-aj-hanneman-2004\src\ca\ubc\cs\spl\aspectPatterns\examples\mediator\java\GUIMediator.java
c:\home\ws\main\os-aj-hanneman-2004\src\ca\ubc\cs\spl\aspectPatterns\examples\mediator\java\Label.java
c:\home\ws\main\os-aj-hanneman-2004\src\ca\ubc\cs\spl\aspectPatterns\examples\mediator\java\Main.java
c:\home\ws\main\os-aj-hanneman-2004\src\ca\ubc\cs\spl\aspectPatterns\examples\memento\aspectj\Counter.java
c:\home\ws\main\os-aj-hanneman-2004\src\ca\ubc\cs\spl\aspectPatterns\examples\memento\aspectj\CounterMemento.java
c:\home\ws\main\os-aj-hanneman-2004\src\ca\ubc\cs\spl\aspectPatterns\examples\memento\aspectj\Main.java
c:\home\ws\main\os-aj-hanneman-2004\src\ca\ubc\cs\spl\aspectPatterns\examples\memento\java\Counter.java
c:\home\ws\main\os-aj-hanneman-2004\src\ca\ubc\cs\spl\aspectPatterns\examples\memento\java\CounterMemento.java
c:\home\ws\main\os-aj-hanneman-2004\src\ca\ubc\cs\spl\aspectPatterns\examples\memento\java\Main.java
c:\home\ws\main\os-aj-hanneman-2004\src\ca\ubc\cs\spl\aspectPatterns\examples\observer\aspectj\ColorObserver.java
c:\home\ws\main\os-aj-hanneman-2004\src\ca\ubc\cs\spl\aspectPatterns\examples\observer\aspectj\CoordinateObserver.java
c:\home\ws\main\os-aj-hanneman-2004\src\ca\ubc\cs\spl\aspectPatterns\examples\observer\aspectj\Main.java
c:\home\ws\main\os-aj-hanneman-2004\src\ca\ubc\cs\spl\aspectPatterns\examples\observer\aspectj\Point.java
c:\home\ws\main\os-aj-hanneman-2004\src\ca\ubc\cs\spl\aspectPatterns\examples\observer\aspectj\Screen.java
c:\home\ws\main\os-aj-hanneman-2004\src\ca\ubc\cs\spl\aspectPatterns\examples\observer\aspectj\ScreenObserver.java
c:\home\ws\main\os-aj-hanneman-2004\src\ca\ubc\cs\spl\aspectPatterns\examples\observer\java\ChangeObserver.java
c:\home\ws\main\os-aj-hanneman-2004\src\ca\ubc\cs\spl\aspectPatterns\examples\observer\java\ChangeSubject.java
c:\home\ws\main\os-aj-hanneman-2004\src\ca\ubc\cs\spl\aspectPatterns\examples\observer\java\Main.java
c:\home\ws\main\os-aj-hanneman-2004\src\ca\ubc\cs\spl\aspectPatterns\examples\observer\java\Point.java
c:\home\ws\main\os-aj-hanneman-2004\src\ca\ubc\cs\spl\aspectPatterns\examples\observer\java\Screen.java
c:\home\ws\main\os-aj-hanneman-2004\src\ca\ubc\cs\spl\aspectPatterns\examples\prototype\aspectj\Main.java
c:\home\ws\main\os-aj-hanneman-2004\src\ca\ubc\cs\spl\aspectPatterns\examples\prototype\aspectj\StringPrototypeA.java
c:\home\ws\main\os-aj-hanneman-2004\src\ca\ubc\cs\spl\aspectPatterns\examples\prototype\aspectj\StringPrototypeB.java
c:\home\ws\main\os-aj-hanneman-2004\src\ca\ubc\cs\spl\aspectPatterns\examples\prototype\aspectj\StringPrototypes.java
c:\home\ws\main\os-aj-hanneman-2004\src\ca\ubc\cs\spl\aspectPatterns\examples\prototype\java\Main.java
c:\home\ws\main\os-aj-hanneman-2004\src\ca\ubc\cs\spl\aspectPatterns\examples\prototype\java\StringPrototypeA.java
c:\home\ws\main\os-aj-hanneman-2004\src\ca\ubc\cs\spl\aspectPatterns\examples\prototype\java\StringPrototypeB.java
c:\home\ws\main\os-aj-hanneman-2004\src\ca\ubc\cs\spl\aspectPatterns\examples\proxy\aspectj\AlternateOutputImplementation.java
c:\home\ws\main\os-aj-hanneman-2004\src\ca\ubc\cs\spl\aspectPatterns\examples\proxy\aspectj\Main.java
c:\home\ws\main\os-aj-hanneman-2004\src\ca\ubc\cs\spl\aspectPatterns\examples\proxy\aspectj\OutputImplementation.java
c:\home\ws\main\os-aj-hanneman-2004\src\ca\ubc\cs\spl\aspectPatterns\examples\proxy\aspectj\RequestBlocking.java
c:\home\ws\main\os-aj-hanneman-2004\src\ca\ubc\cs\spl\aspectPatterns\examples\proxy\aspectj\RequestCounting.java
c:\home\ws\main\os-aj-hanneman-2004\src\ca\ubc\cs\spl\aspectPatterns\examples\proxy\aspectj\RequestDelegation.java
c:\home\ws\main\os-aj-hanneman-2004\src\ca\ubc\cs\spl\aspectPatterns\examples\proxy\java\Main.java
c:\home\ws\main\os-aj-hanneman-2004\src\ca\ubc\cs\spl\aspectPatterns\examples\proxy\java\OutputImplementation.java
c:\home\ws\main\os-aj-hanneman-2004\src\ca\ubc\cs\spl\aspectPatterns\examples\proxy\java\OutputSubject.java
c:\home\ws\main\os-aj-hanneman-2004\src\ca\ubc\cs\spl\aspectPatterns\examples\proxy\java\RequestBlocker.java
c:\home\ws\main\os-aj-hanneman-2004\src\ca\ubc\cs\spl\aspectPatterns\examples\proxy\java\RequestCounter.java
c:\home\ws\main\os-aj-hanneman-2004\src\ca\ubc\cs\spl\aspectPatterns\examples\singleton\aspectj\Main.java
c:\home\ws\main\os-aj-hanneman-2004\src\ca\ubc\cs\spl\aspectPatterns\examples\singleton\aspectj\Printer.java
c:\home\ws\main\os-aj-hanneman-2004\src\ca\ubc\cs\spl\aspectPatterns\examples\singleton\aspectj\PrinterSubclass.java
c:\home\ws\main\os-aj-hanneman-2004\src\ca\ubc\cs\spl\aspectPatterns\examples\singleton\aspectj\SingletonInstance.java
c:\home\ws\main\os-aj-hanneman-2004\src\ca\ubc\cs\spl\aspectPatterns\examples\singleton\java\Main.java
c:\home\ws\main\os-aj-hanneman-2004\src\ca\ubc\cs\spl\aspectPatterns\examples\singleton\java\PrinterSingleton.java
c:\home\ws\main\os-aj-hanneman-2004\src\ca\ubc\cs\spl\aspectPatterns\examples\singleton\java\PrinterSubclass.java
c:\home\ws\main\os-aj-hanneman-2004\src\ca\ubc\cs\spl\aspectPatterns\examples\state\aspectj\Main.java
c:\home\ws\main\os-aj-hanneman-2004\src\ca\ubc\cs\spl\aspectPatterns\examples\state\aspectj\Queue.java
c:\home\ws\main\os-aj-hanneman-2004\src\ca\ubc\cs\spl\aspectPatterns\examples\state\aspectj\QueueEmpty.java
c:\home\ws\main\os-aj-hanneman-2004\src\ca\ubc\cs\spl\aspectPatterns\examples\state\aspectj\QueueFull.java
c:\home\ws\main\os-aj-hanneman-2004\src\ca\ubc\cs\spl\aspectPatterns\examples\state\aspectj\QueueNormal.java
c:\home\ws\main\os-aj-hanneman-2004\src\ca\ubc\cs\spl\aspectPatterns\examples\state\aspectj\QueueState.java
c:\home\ws\main\os-aj-hanneman-2004\src\ca\ubc\cs\spl\aspectPatterns\examples\state\aspectj\QueueStateAspect.java
c:\home\ws\main\os-aj-hanneman-2004\src\ca\ubc\cs\spl\aspectPatterns\examples\state\java\Main.java
c:\home\ws\main\os-aj-hanneman-2004\src\ca\ubc\cs\spl\aspectPatterns\examples\state\java\Queue.java
c:\home\ws\main\os-aj-hanneman-2004\src\ca\ubc\cs\spl\aspectPatterns\examples\state\java\QueueContext.java
c:\home\ws\main\os-aj-hanneman-2004\src\ca\ubc\cs\spl\aspectPatterns\examples\state\java\QueueEmpty.java
c:\home\ws\main\os-aj-hanneman-2004\src\ca\ubc\cs\spl\aspectPatterns\examples\state\java\QueueFull.java
c:\home\ws\main\os-aj-hanneman-2004\src\ca\ubc\cs\spl\aspectPatterns\examples\state\java\QueueNormal.java
c:\home\ws\main\os-aj-hanneman-2004\src\ca\ubc\cs\spl\aspectPatterns\examples\state\java\QueueState.java
c:\home\ws\main\os-aj-hanneman-2004\src\ca\ubc\cs\spl\aspectPatterns\examples\strategy\aspectj\BubbleSort.java
c:\home\ws\main\os-aj-hanneman-2004\src\ca\ubc\cs\spl\aspectPatterns\examples\strategy\aspectj\LinearSort.java
c:\home\ws\main\os-aj-hanneman-2004\src\ca\ubc\cs\spl\aspectPatterns\examples\strategy\aspectj\Main.java
c:\home\ws\main\os-aj-hanneman-2004\src\ca\ubc\cs\spl\aspectPatterns\examples\strategy\aspectj\Sorter.java
c:\home\ws\main\os-aj-hanneman-2004\src\ca\ubc\cs\spl\aspectPatterns\examples\strategy\aspectj\SortingStrategy.java
c:\home\ws\main\os-aj-hanneman-2004\src\ca\ubc\cs\spl\aspectPatterns\examples\strategy\java\BubbleSort.java
c:\home\ws\main\os-aj-hanneman-2004\src\ca\ubc\cs\spl\aspectPatterns\examples\strategy\java\LinearSort.java
c:\home\ws\main\os-aj-hanneman-2004\src\ca\ubc\cs\spl\aspectPatterns\examples\strategy\java\Main.java
c:\home\ws\main\os-aj-hanneman-2004\src\ca\ubc\cs\spl\aspectPatterns\examples\strategy\java\Sorter.java
c:\home\ws\main\os-aj-hanneman-2004\src\ca\ubc\cs\spl\aspectPatterns\examples\strategy\java\SortingStrategy.java
c:\home\ws\main\os-aj-hanneman-2004\src\ca\ubc\cs\spl\aspectPatterns\examples\templateMethod\aspectj\DecoratedStringGenerator.java
c:\home\ws\main\os-aj-hanneman-2004\src\ca\ubc\cs\spl\aspectPatterns\examples\templateMethod\aspectj\FancyGenerator.java
c:\home\ws\main\os-aj-hanneman-2004\src\ca\ubc\cs\spl\aspectPatterns\examples\templateMethod\aspectj\Generating.java
c:\home\ws\main\os-aj-hanneman-2004\src\ca\ubc\cs\spl\aspectPatterns\examples\templateMethod\aspectj\Main.java
c:\home\ws\main\os-aj-hanneman-2004\src\ca\ubc\cs\spl\aspectPatterns\examples\templateMethod\aspectj\SimpleGenerator.java
c:\home\ws\main\os-aj-hanneman-2004\src\ca\ubc\cs\spl\aspectPatterns\examples\templateMethod\java\DecoratedStringGenerator.java
c:\home\ws\main\os-aj-hanneman-2004\src\ca\ubc\cs\spl\aspectPatterns\examples\templateMethod\java\FancyGenerator.java
c:\home\ws\main\os-aj-hanneman-2004\src\ca\ubc\cs\spl\aspectPatterns\examples\templateMethod\java\Main.java
c:\home\ws\main\os-aj-hanneman-2004\src\ca\ubc\cs\spl\aspectPatterns\examples\templateMethod\java\SimpleGenerator.java
c:\home\ws\main\os-aj-hanneman-2004\src\ca\ubc\cs\spl\aspectPatterns\examples\visitor\aspectj\BinaryTreeLeaf.java
c:\home\ws\main\os-aj-hanneman-2004\src\ca\ubc\cs\spl\aspectPatterns\examples\visitor\aspectj\BinaryTreeNode.java
c:\home\ws\main\os-aj-hanneman-2004\src\ca\ubc\cs\spl\aspectPatterns\examples\visitor\aspectj\Main.java
c:\home\ws\main\os-aj-hanneman-2004\src\ca\ubc\cs\spl\aspectPatterns\examples\visitor\aspectj\SummationVisitor.java
c:\home\ws\main\os-aj-hanneman-2004\src\ca\ubc\cs\spl\aspectPatterns\examples\visitor\aspectj\TraversalVisitor.java
c:\home\ws\main\os-aj-hanneman-2004\src\ca\ubc\cs\spl\aspectPatterns\examples\visitor\aspectj\Visitable.java
c:\home\ws\main\os-aj-hanneman-2004\src\ca\ubc\cs\spl\aspectPatterns\examples\visitor\aspectj\Visiting.java
c:\home\ws\main\os-aj-hanneman-2004\src\ca\ubc\cs\spl\aspectPatterns\examples\visitor\java\BinaryTreeLeaf.java
c:\home\ws\main\os-aj-hanneman-2004\src\ca\ubc\cs\spl\aspectPatterns\examples\visitor\java\BinaryTreeNode.java
c:\home\ws\main\os-aj-hanneman-2004\src\ca\ubc\cs\spl\aspectPatterns\examples\visitor\java\BinaryTreeVisitor.java
c:\home\ws\main\os-aj-hanneman-2004\src\ca\ubc\cs\spl\aspectPatterns\examples\visitor\java\Main.java
c:\home\ws\main\os-aj-hanneman-2004\src\ca\ubc\cs\spl\aspectPatterns\examples\visitor\java\SummationVisitor.java
c:\home\ws\main\os-aj-hanneman-2004\src\ca\ubc\cs\spl\aspectPatterns\examples\visitor\java\TraversalVisitor.java
c:\home\ws\main\os-aj-hanneman-2004\src\ca\ubc\cs\spl\aspectPatterns\examples\visitor\java\Visitable.java
c:\home\ws\main\os-aj-hanneman-2004\src\ca\ubc\cs\spl\aspectPatterns\patternLibrary\ChainOfResponsibilityException.java
c:\home\ws\main\os-aj-hanneman-2004\src\ca\ubc\cs\spl\aspectPatterns\patternLibrary\ChainOfResponsibilityProtocol.java
c:\home\ws\main\os-aj-hanneman-2004\src\ca\ubc\cs\spl\aspectPatterns\patternLibrary\Command.java
c:\home\ws\main\os-aj-hanneman-2004\src\ca\ubc\cs\spl\aspectPatterns\patternLibrary\CommandInvoker.java
c:\home\ws\main\os-aj-hanneman-2004\src\ca\ubc\cs\spl\aspectPatterns\patternLibrary\CommandProtocol.java
c:\home\ws\main\os-aj-hanneman-2004\src\ca\ubc\cs\spl\aspectPatterns\patternLibrary\CommandReceiver.java
c:\home\ws\main\os-aj-hanneman-2004\src\ca\ubc\cs\spl\aspectPatterns\patternLibrary\CompositeProtocol.java
c:\home\ws\main\os-aj-hanneman-2004\src\ca\ubc\cs\spl\aspectPatterns\patternLibrary\FlyweightProtocol.java
c:\home\ws\main\os-aj-hanneman-2004\src\ca\ubc\cs\spl\aspectPatterns\patternLibrary\MediatorProtocol.java
c:\home\ws\main\os-aj-hanneman-2004\src\ca\ubc\cs\spl\aspectPatterns\patternLibrary\Memento.java
c:\home\ws\main\os-aj-hanneman-2004\src\ca\ubc\cs\spl\aspectPatterns\patternLibrary\MementoException.java
c:\home\ws\main\os-aj-hanneman-2004\src\ca\ubc\cs\spl\aspectPatterns\patternLibrary\MementoProtocol.java
c:\home\ws\main\os-aj-hanneman-2004\src\ca\ubc\cs\spl\aspectPatterns\patternLibrary\ObserverProtocol.java
c:\home\ws\main\os-aj-hanneman-2004\src\ca\ubc\cs\spl\aspectPatterns\patternLibrary\PrototypeProtocol.java
c:\home\ws\main\os-aj-hanneman-2004\src\ca\ubc\cs\spl\aspectPatterns\patternLibrary\ProxyProtocol.java
c:\home\ws\main\os-aj-hanneman-2004\src\ca\ubc\cs\spl\aspectPatterns\patternLibrary\SingletonProtocol.java
c:\home\ws\main\os-aj-hanneman-2004\src\ca\ubc\cs\spl\aspectPatterns\patternLibrary\StrategyProtocol.java
c:\home\ws\main\os-aj-hanneman-2004\src\ca\ubc\cs\spl\aspectPatterns\patternLibrary\VisitorProtocol.java
c:\home\ws\main\os-aj-hanneman-2004\src\ca\ubc\cs\spl\aspectPatterns\testCenter\TestCenter.java
