ca/ubc/cs/spl/aspectPatterns/patternLibrary/*.java

ca/ubc/cs/spl/aspectPatterns/examples/abstractFactory/java/*.java
ca/ubc/cs/spl/aspectPatterns/examples/abstractFactory/aspectj/*.java
ca/ubc/cs/spl/aspectPatterns/examples/builder/java/*.java
ca/ubc/cs/spl/aspectPatterns/examples/builder/aspectj/*.java
ca/ubc/cs/spl/aspectPatterns/examples/factoryMethod/java/*.java
ca/ubc/cs/spl/aspectPatterns/examples/factoryMethod/aspectj/*.java
ca/ubc/cs/spl/aspectPatterns/examples/prototype/java/*.java
ca/ubc/cs/spl/aspectPatterns/examples/prototype/aspectj/*.java
ca/ubc/cs/spl/aspectPatterns/examples/singleton/java/*.java
ca/ubc/cs/spl/aspectPatterns/examples/singleton/aspectj/*.java 

ca/ubc/cs/spl/aspectPatterns/examples/adapter/java/*.java
ca/ubc/cs/spl/aspectPatterns/examples/adapter/aspectj/*.java
ca/ubc/cs/spl/aspectPatterns/examples/bridge/java/*.java
ca/ubc/cs/spl/aspectPatterns/examples/bridge/aspectj/*.java
ca/ubc/cs/spl/aspectPatterns/examples/composite/java/*.java
ca/ubc/cs/spl/aspectPatterns/examples/composite/aspectj/*.java
ca/ubc/cs/spl/aspectPatterns/examples/decorator/java/*.java
ca/ubc/cs/spl/aspectPatterns/examples/decorator/aspectj/*.java
ca/ubc/cs/spl/aspectPatterns/examples/facade/java/*.java
ca/ubc/cs/spl/aspectPatterns/examples/facade/aspectj/*.java
ca/ubc/cs/spl/aspectPatterns/examples/flyweight/java/*.java
ca/ubc/cs/spl/aspectPatterns/examples/flyweight/aspectj/*.java
ca/ubc/cs/spl/aspectPatterns/examples/proxy/java/*.java
ca/ubc/cs/spl/aspectPatterns/examples/proxy/aspectj/*.java
ca/ubc/cs/spl/aspectPatterns/examples/chainOfResponsibility/java/*.java
ca/ubc/cs/spl/aspectPatterns/examples/chainOfResponsibility/aspectj/*.java
ca/ubc/cs/spl/aspectPatterns/examples/command/java/*.java
ca/ubc/cs/spl/aspectPatterns/examples/command/aspectj/*.java
ca/ubc/cs/spl/aspectPatterns/examples/interpreter/java/*.java
ca/ubc/cs/spl/aspectPatterns/examples/interpreter/aspectj/*.java
ca/ubc/cs/spl/aspectPatterns/examples/iterator/java/*.java
ca/ubc/cs/spl/aspectPatterns/examples/iterator/aspectj/*.java
ca/ubc/cs/spl/aspectPatterns/examples/mediator/java/*.java
ca/ubc/cs/spl/aspectPatterns/examples/mediator/aspectj/*.java
ca/ubc/cs/spl/aspectPatterns/examples/memento/java/*.java
ca/ubc/cs/spl/aspectPatterns/examples/memento/aspectj/*.java
ca/ubc/cs/spl/aspectPatterns/examples/observer/java/*.java
ca/ubc/cs/spl/aspectPatterns/examples/observer/aspectj/*.java
ca/ubc/cs/spl/aspectPatterns/examples/state/java/*.java
ca/ubc/cs/spl/aspectPatterns/examples/state/aspectj/*.java
ca/ubc/cs/spl/aspectPatterns/examples/strategy/java/*.java
ca/ubc/cs/spl/aspectPatterns/examples/strategy/aspectj/*.java
ca/ubc/cs/spl/aspectPatterns/examples/templateMethod/java/*.java
ca/ubc/cs/spl/aspectPatterns/examples/templateMethod/aspectj/*.java
ca/ubc/cs/spl/aspectPatterns/examples/visitor/java/*.java
ca/ubc/cs/spl/aspectPatterns/examples/visitor/aspectj/*.java


