./beejce/javax/crypto/BadPaddingException.java
./beejce/javax/crypto/Cipher.java
./beejce/javax/crypto/CipherInputStream.java
./beejce/javax/crypto/CipherOutputStream.java
./beejce/javax/crypto/CipherSpi.java
./beejce/javax/crypto/IllegalBlockSizeException.java
./beejce/javax/crypto/interfaces/DHKey.java
./beejce/javax/crypto/interfaces/DHPrivateKey.java
./beejce/javax/crypto/interfaces/DHPublicKey.java
./beejce/javax/crypto/KeyAgreement.java
./beejce/javax/crypto/KeyAgreementSpi.java
./beejce/javax/crypto/KeyGenerator.java
./beejce/javax/crypto/KeyGeneratorSpi.java
./beejce/javax/crypto/Mac.java
./beejce/javax/crypto/MacSpi.java
./beejce/javax/crypto/NoSuchPaddingException.java
./beejce/javax/crypto/NullCipher.java
./beejce/javax/crypto/NullCipherSpi.java
./beejce/javax/crypto/SealedObject.java
./beejce/javax/crypto/SecretKey.java
./beejce/javax/crypto/SecretKeyFactory.java
./beejce/javax/crypto/SecretKeyFactorySpi.java
./beejce/javax/crypto/share.java
./beejce/javax/crypto/ShortBufferException.java
./beejce/javax/crypto/spec/DESedeKeySpec.java
./beejce/javax/crypto/spec/DESKeySpec.java
./beejce/javax/crypto/spec/DHGenParameterSpec.java
./beejce/javax/crypto/spec/DHParameterSpec.java
./beejce/javax/crypto/spec/DHPrivateKeySpec.java
./beejce/javax/crypto/spec/DHPublicKeySpec.java
./beejce/javax/crypto/spec/IvParameterSpec.java
./beejce/javax/crypto/spec/PBEKeySpec.java
./beejce/javax/crypto/spec/PBEParameterSpec.java
./beejce/javax/crypto/spec/RC2ParameterSpec.java
./beejce/javax/crypto/spec/RC5ParameterSpec.java
./beejce/javax/crypto/spec/SecretKeySpec.java
./src/ISNetworksProvider.java
./src/JCETest.java
./src/MD5WithRSASignature.java
./src/MGF.java
./src/OAEPPadding.java
./src/Padding.java
./src/PKCS1Padding.java
./src/PKCS1SignaturePadding.java
./src/RSA.java
./src/RSACipher.java
./src/RSAKeyPairGenerator.java
./src/RSAPrivateCrtKeyImpl.java
./src/RSAPrivateKeyImpl.java
./src/RSAPublicKeyImpl.java
./src/RSASignature.java
./src/SHA1WithRSASignature.java
./src/SignatureTest.java
./src/Util.java
